{
    "samples": [
        {
            "by": {
                "vkey": "ed528957fbab7d40423e4ccfca05eec47803a85f516f0f39ae071dd81d559356"
            },
            "effect": {
                "serverOutput": {
                    "me": {
                        "vkey": "0daad7819321fbc7cc53757d784076e9b3f51a749a9b3a3da834c6d84c4e63e6"
                    },
                    "tag": "Greetings"
                },
                "tag": "ClientEffect"
            },
            "tag": "BeginEffect"
        },
        {
            "by": {
                "vkey": "09a0a5a03407059cb99e00cd6d7b29fba176b2009c18a6071a738aac6f31cc72"
            },
            "event": {
                "message": {
                    "party": {
                        "vkey": "ec58afae09f8c2c8405635edd702a729eab06c00d2db73c7750e311846a05755"
                    },
                    "snapshotNumber": 8,
                    "tag": "ReqSn",
                    "transactions": [
                        {
                            "id": 6,
                            "inputs": [
                                -28,
                                -17,
                                -12,
                                -10,
                                -7,
                                2,
                                3,
                                4,
                                5,
                                8,
                                16,
                                20,
                                23
                            ],
                            "outputs": [
                                -17,
                                -16,
                                -11,
                                -7,
                                -2,
                                0,
                                3,
                                6,
                                12,
                                17,
                                21,
                                27
                            ]
                        },
                        {
                            "id": -11,
                            "inputs": [
                                -29,
                                -26,
                                -23,
                                -22,
                                -14,
                                -13,
                                -12,
                                -7,
                                -6,
                                -3,
                                0,
                                2,
                                4,
                                6,
                                7,
                                10,
                                13,
                                15,
                                18,
                                22,
                                23,
                                26
                            ],
                            "outputs": [
                                -24,
                                -22,
                                -20,
                                -19,
                                -13,
                                -7,
                                -5,
                                2,
                                9,
                                14,
                                19,
                                28
                            ]
                        },
                        {
                            "id": 4,
                            "inputs": [
                                -28,
                                -17,
                                -13,
                                -1,
                                9,
                                10,
                                20,
                                23,
                                29
                            ],
                            "outputs": [
                                -30,
                                -27,
                                -24,
                                -23,
                                -22,
                                -21,
                                -19,
                                -16,
                                -12,
                                -9,
                                -7,
                                6,
                                9,
                                10,
                                12,
                                13,
                                18,
                                19,
                                21,
                                22,
                                26,
                                30
                            ]
                        },
                        {
                            "id": 16,
                            "inputs": [
                                -29,
                                -26,
                                -24,
                                -22,
                                -18,
                                -17,
                                -16,
                                -13,
                                -10,
                                -7,
                                -6,
                                -3,
                                2,
                                6,
                                9,
                                12,
                                17,
                                19,
                                20,
                                22,
                                23,
                                24,
                                25,
                                26,
                                28,
                                29
                            ],
                            "outputs": [
                                -29,
                                -28,
                                -25,
                                -23,
                                -12,
                                -10,
                                -9,
                                0,
                                2,
                                6,
                                14,
                                24
                            ]
                        },
                        {
                            "id": -10,
                            "inputs": [
                                -24,
                                -20,
                                -7,
                                -1,
                                14
                            ],
                            "outputs": [
                                -30,
                                -29,
                                -28,
                                -27,
                                -16,
                                -14,
                                -12,
                                -11,
                                -7,
                                -4,
                                -1,
                                0,
                                2,
                                4,
                                6,
                                13,
                                15,
                                16,
                                17,
                                22
                            ]
                        },
                        {
                            "id": -1,
                            "inputs": [
                                -30,
                                -28,
                                -26,
                                -24,
                                -18,
                                -17,
                                -15,
                                -13,
                                -10,
                                -8,
                                -2,
                                1,
                                4,
                                16,
                                21,
                                24
                            ],
                            "outputs": [
                                -30,
                                -25,
                                -23,
                                -18,
                                -9,
                                -3,
                                -1,
                                5,
                                6,
                                8,
                                10,
                                15,
                                19,
                                25,
                                26,
                                28
                            ]
                        },
                        {
                            "id": -20,
                            "inputs": [
                                -16,
                                -12,
                                -11,
                                -6,
                                -3,
                                2,
                                4,
                                11,
                                16,
                                18,
                                21,
                                25,
                                26
                            ],
                            "outputs": [
                                -25,
                                -22,
                                -19,
                                -12,
                                -9,
                                -8,
                                -6,
                                -3,
                                1,
                                2,
                                3,
                                5,
                                7,
                                8,
                                10,
                                14,
                                16,
                                17,
                                18,
                                21,
                                24,
                                26,
                                27,
                                28,
                                30
                            ]
                        },
                        {
                            "id": -24,
                            "inputs": [
                                -22,
                                -19,
                                -16,
                                -15,
                                -10,
                                -8,
                                -7,
                                6,
                                12,
                                21,
                                23
                            ],
                            "outputs": [
                                -27,
                                -26,
                                -20,
                                -18,
                                -9,
                                -1,
                                0,
                                2,
                                7,
                                9,
                                10,
                                13,
                                14,
                                18,
                                19,
                                22,
                                24,
                                25,
                                27
                            ]
                        },
                        {
                            "id": 10,
                            "inputs": [],
                            "outputs": [
                                -21,
                                -14,
                                -11,
                                -7,
                                -5,
                                -4,
                                2,
                                7,
                                9,
                                11,
                                12,
                                18,
                                27,
                                30
                            ]
                        },
                        {
                            "id": -24,
                            "inputs": [
                                -29,
                                -28,
                                -27,
                                -18,
                                -17,
                                -14,
                                -13,
                                -12,
                                -10,
                                -4,
                                0,
                                4,
                                5,
                                9,
                                11,
                                14,
                                17,
                                22,
                                25,
                                27,
                                28
                            ],
                            "outputs": [
                                -29,
                                -28,
                                -26,
                                -25,
                                -24,
                                -23,
                                -22,
                                -21,
                                -18,
                                -16,
                                -14,
                                -9,
                                -8,
                                -3,
                                3,
                                6,
                                8,
                                10,
                                15,
                                17,
                                19,
                                23,
                                26,
                                27,
                                28
                            ]
                        },
                        {
                            "id": -25,
                            "inputs": [
                                -30,
                                -29,
                                -27,
                                -25,
                                -23,
                                -20,
                                -18,
                                -14,
                                -1,
                                2,
                                4,
                                8,
                                11,
                                17,
                                19,
                                25,
                                28,
                                30
                            ],
                            "outputs": [
                                -27,
                                -22,
                                -16,
                                -6,
                                -4,
                                21,
                                24
                            ]
                        },
                        {
                            "id": 7,
                            "inputs": [
                                -24,
                                -23,
                                -20,
                                -18,
                                -16,
                                -12,
                                -6,
                                -5,
                                1,
                                2,
                                3,
                                6,
                                11,
                                19,
                                23,
                                24,
                                25,
                                29
                            ],
                            "outputs": [
                                -26,
                                -19,
                                -3,
                                22,
                                23
                            ]
                        },
                        {
                            "id": -7,
                            "inputs": [
                                -22,
                                -18,
                                -17,
                                -8,
                                -7,
                                -5,
                                -1,
                                0,
                                4,
                                5,
                                8,
                                9,
                                16,
                                17,
                                20,
                                25
                            ],
                            "outputs": [
                                -26,
                                -23,
                                -18,
                                -17,
                                -15,
                                -13,
                                -12,
                                -5,
                                10,
                                11,
                                12,
                                17,
                                18,
                                20,
                                26,
                                28,
                                30
                            ]
                        },
                        {
                            "id": -6,
                            "inputs": [
                                -28,
                                -23,
                                -20,
                                -19,
                                -7,
                                -6,
                                -1,
                                5,
                                15,
                                17,
                                19,
                                22
                            ],
                            "outputs": [
                                -25,
                                -19,
                                -8,
                                -3,
                                1,
                                3,
                                5,
                                6,
                                12,
                                17,
                                18,
                                24,
                                25,
                                27
                            ]
                        },
                        {
                            "id": 6,
                            "inputs": [
                                -30,
                                -28,
                                -25,
                                -23,
                                -21,
                                -17,
                                -12,
                                -8,
                                -5,
                                -2,
                                -1,
                                2,
                                4,
                                11,
                                28
                            ],
                            "outputs": [
                                -28,
                                -23,
                                -19,
                                -16,
                                -15,
                                -13,
                                -1,
                                1,
                                2,
                                6,
                                11,
                                14,
                                20,
                                21,
                                23,
                                24
                            ]
                        },
                        {
                            "id": -5,
                            "inputs": [
                                -28,
                                -26,
                                -22,
                                -19,
                                -18,
                                -12,
                                -11,
                                -9,
                                -7,
                                -4,
                                4,
                                6,
                                7,
                                8,
                                14,
                                15,
                                16,
                                17,
                                18,
                                20,
                                28,
                                29
                            ],
                            "outputs": [
                                -26,
                                -23,
                                -22,
                                0,
                                1,
                                5
                            ]
                        },
                        {
                            "id": 21,
                            "inputs": [
                                -26,
                                -24,
                                -22,
                                -11,
                                -6,
                                -3,
                                3,
                                5,
                                10,
                                18,
                                22,
                                23,
                                24,
                                26,
                                28,
                                30
                            ],
                            "outputs": [
                                -26,
                                -17,
                                -16,
                                -13,
                                -4,
                                -1,
                                0,
                                1,
                                11,
                                30
                            ]
                        },
                        {
                            "id": -4,
                            "inputs": [
                                -26,
                                27,
                                28
                            ],
                            "outputs": [
                                -22,
                                -18
                            ]
                        },
                        {
                            "id": 9,
                            "inputs": [
                                -26,
                                -25,
                                -22,
                                -21,
                                -17,
                                -15,
                                -14,
                                -7,
                                0,
                                1,
                                6,
                                11,
                                18,
                                24,
                                25
                            ],
                            "outputs": [
                                -23,
                                -20,
                                -18,
                                -15,
                                -5,
                                -3,
                                -1,
                                3,
                                4,
                                9,
                                10,
                                11,
                                12,
                                14,
                                15,
                                21,
                                30
                            ]
                        }
                    ]
                },
                "tag": "NetworkEvent"
            },
            "tag": "EndEvent"
        },
        {
            "by": {
                "vkey": "b764b7f53d22a8a2532f5f6518ccf81a44c931bd164dca287952fdc3fc4c5e98"
            },
            "event": {
                "message": {
                    "party": {
                        "vkey": "8a3cb1b0c294e7eee09ab94aa09463c8d7cfc096ec946cf5a53f423f3238adb4"
                    },
                    "signed": "ecf4022b0e0e95ba73523de91c29755d6cf1ba9392eb39f7374847393218a7319c9f95b4ff77f82cb500d10759f118aa862d30d46ed7b153c0c889ec6ce0410c",
                    "snapshotNumber": 16,
                    "tag": "AckSn"
                },
                "tag": "NetworkEvent"
            },
            "reason": {
                "contents": [
                    {
                        "postChainTx": {
                            "headParameters": {
                                "contestationPeriod": 43200,
                                "parties": [
                                    {
                                        "vkey": "ce5275cbffc1faaf997727b066f1883658129d52028dbec83c6da4d599650311"
                                    },
                                    {
                                        "vkey": "f1115fd38a7c139669c9b8b3e16ecdbf047abaaf4dd354672979264b03d8642a"
                                    },
                                    {
                                        "vkey": "f991d7c6381de9ba7eb1c67e3b63bed9b666a655a5afaab2e43007a9f3414f78"
                                    },
                                    {
                                        "vkey": "3078cda6fb5010d83b5529fd0b369958e5d90ee27953baeafb7f4268b0f9f534"
                                    },
                                    {
                                        "vkey": "093d2cec765c31b44eaef399ad8f3ee8989ea25567bfa189180220038d8e6b49"
                                    },
                                    {
                                        "vkey": "49f1a4604bf39ee81477261235a312ee69accbf46eb10ae47b55b5cac6a1fd02"
                                    },
                                    {
                                        "vkey": "efda8aa3a25370b9c97f8f8b67e76fb5c7d746835122d6cec64e4aa946aa41a2"
                                    },
                                    {
                                        "vkey": "4b32251a2a15aca2fcff3c35df397fa4594fdc478681d1245c4b34bf7b333ed9"
                                    },
                                    {
                                        "vkey": "25d7ca9b9f9b8d09da3e1d34b186bb5de554250c38ad74e19f3e5ba856bda765"
                                    },
                                    {
                                        "vkey": "c9a8d728889ec3229b22051cc2c044fc93dbcb032eec5310a9ef74bc5dfa8c84"
                                    },
                                    {
                                        "vkey": "af226e87ff5b1d4c2e2443e7844ab76c624fff663b2b1e4c6eef8e6990765cd9"
                                    },
                                    {
                                        "vkey": "9c3b0b77e5bbc6152ff3e24e798dcb0c8038b65bddd2eca2d2410da483999ca2"
                                    },
                                    {
                                        "vkey": "b4a79f29c712411c22c02b757c81bc446b0ae4d06e489e8d085132b665fc0ab0"
                                    },
                                    {
                                        "vkey": "db856bcb27556d59bc143cf47e3b6d6517fdac419957369714ae16a44f23770c"
                                    },
                                    {
                                        "vkey": "6763ae1ff540c48e6aa93bd592277a77982279839d52e895e58d02a3b2b9c567"
                                    },
                                    {
                                        "vkey": "be907b4bac84fee5ce8811db2defc9bf0b2a2a2bbc3d54d8a2257ecd70441962"
                                    },
                                    {
                                        "vkey": "dcce5aa15305bf5343e7b9bea8be2dcbb456127075763f8a2cdb22ee5ad9ba9b"
                                    },
                                    {
                                        "vkey": "66131e84f2e7cf38ba24c5ace1de542ed7e513867442966d54dd2e0c9fd765c0"
                                    },
                                    {
                                        "vkey": "5801cf0f6abffd0eafbf8604b8b3b9d2976ecc0ebed9d8da1c415712147fb011"
                                    },
                                    {
                                        "vkey": "eab03817c6962a3e1ae68fd84c1c1d19df920faa9d1275d72e5c0123524fbffd"
                                    },
                                    {
                                        "vkey": "56bd290b82355d2097193a6aa413ff5eaecc604928d43aa7d4738d386f385f81"
                                    },
                                    {
                                        "vkey": "db438d5ed78429fca098d826da88fce00249858b465f4c5d74d0287df2a6563e"
                                    },
                                    {
                                        "vkey": "1a9077f4cea360c1b93373388f650d92d473180d2adfba36b98d1df919598e73"
                                    }
                                ]
                            },
                            "tag": "InitTx"
                        },
                        "postTxError": {
                            "headUTxO": [
                                -27,
                                -25,
                                -24,
                                -21,
                                -19,
                                -18,
                                -17,
                                -8,
                                -6,
                                6,
                                11,
                                14,
                                15,
                                17,
                                18,
                                20,
                                23,
                                24,
                                25,
                                26,
                                27
                            ],
                            "reason": "",
                            "tag": "CannotCoverFees",
                            "tx": {
                                "id": 7,
                                "inputs": [
                                    -23,
                                    -9,
                                    2,
                                    5,
                                    13,
                                    22
                                ],
                                "outputs": [
                                    -10,
                                    23
                                ]
                            },
                            "walletUTxO": [
                                -25,
                                -24,
                                -22,
                                -20,
                                -19,
                                -15,
                                -13,
                                -11,
                                -8,
                                -7,
                                -3,
                                2,
                                5,
                                6,
                                8,
                                10,
                                11,
                                15,
                                18,
                                19,
                                24
                            ]
                        },
                        "tag": "PostTxError"
                    },
                    {
                        "tag": "IdleState"
                    }
                ],
                "tag": "InvalidEvent"
            },
            "tag": "ErrorHandlingEvent"
        },
        {
            "by": {
                "vkey": "a2ede342fc35c10cb9afe27380a816946728b8ca16fc3150fc04bc37628e5bb7"
            },
            "event": {
                "chainEvent": {
                    "contents": 15,
                    "tag": "Rollback"
                },
                "tag": "OnChainEvent"
            },
            "tag": "EndEvent"
        },
        {
            "by": {
                "vkey": "dbdfb0394fe61955f284d87cdf08faa6451e6230f2fb8568f7a6ab60776d6631"
            },
            "effect": {
                "onChainTx": {
                    "confirmedSnapshot": {
                        "signatures": {
                            "multiSignature": []
                        },
                        "snapshot": {
                            "confirmedTransactions": [],
                            "snapshotNumber": 5,
                            "utxo": [
                                -19,
                                25
                            ]
                        },
                        "tag": "ConfirmedSnapshot"
                    },
                    "tag": "CloseTx"
                },
                "tag": "OnChainEffect"
            },
            "tag": "BeginEffect"
        }
    ],
    "seed": -542726326
}